******************************************************************************
                  MSP430 Linker PC v4.3.1                      
******************************************************************************
>> Linked Mon Jul 21 10:04:13 2014

OUTPUT FILE NAME:   <IMU_Watch.out>
ENTRY POINT SYMBOL: "_c_int00"  address: 00002552


MEMORY CONFIGURATION

         name            origin    length      used     unused   attr    fill
----------------------  --------  ---------  --------  --------  ----  --------
  SFR                   00000000   00000010  00000000  00000010  RWIX
  PERIPHERALS_8BIT      00000010   000000f0  00000000  000000f0  RWIX
  PERIPHERALS_16BIT     00000100   00000100  00000000  00000100  RWIX
  INFOD                 00001000   00000040  00000000  00000040  RWIX
  INFOC                 00001040   00000040  00000000  00000040  RWIX
  INFOB                 00001080   00000040  00000000  00000040  RWIX
  INFOA                 000010c0   00000040  00000000  00000040  RWIX
  RAM                   00001100   00001000  00000051  00000faf  RWIX
  FLASH                 00002100   0000dee0  0000054b  0000d995  RWIX
  INT00                 0000ffe0   00000002  00000002  00000000  RWIX
  INT01                 0000ffe2   00000002  00000002  00000000  RWIX
  INT02                 0000ffe4   00000002  00000002  00000000  RWIX
  INT03                 0000ffe6   00000002  00000002  00000000  RWIX
  INT04                 0000ffe8   00000002  00000002  00000000  RWIX
  INT05                 0000ffea   00000002  00000002  00000000  RWIX
  INT06                 0000ffec   00000002  00000002  00000000  RWIX
  INT07                 0000ffee   00000002  00000002  00000000  RWIX
  INT08                 0000fff0   00000002  00000002  00000000  RWIX
  INT09                 0000fff2   00000002  00000002  00000000  RWIX
  INT10                 0000fff4   00000002  00000002  00000000  RWIX
  INT11                 0000fff6   00000002  00000002  00000000  RWIX
  INT12                 0000fff8   00000002  00000002  00000000  RWIX
  INT13                 0000fffa   00000002  00000002  00000000  RWIX
  INT14                 0000fffc   00000002  00000002  00000000  RWIX
  RESET                 0000fffe   00000002  00000002  00000000  RWIX


SECTION ALLOCATION MAP

 output                                  attributes/
section   page    origin      length       input sections
--------  ----  ----------  ----------   ----------------
.init_array 
*          0    00002100    00000000     UNINITIALIZED

.data      0    00001100    00000001     UNINITIALIZED
                  00001100    00000001     main.obj (.data)

.TI.persistent 
*          0    00001100    00000000     UNINITIALIZED

.stack     0    000020b0    00000050     UNINITIALIZED
                  000020b0    00000002     rts430_eabi.lib : boot.obj (.stack)
                  000020b2    0000004e     --HOLE--

.text      0    00002100    0000053a     
                  00002100    00000144     main.obj (.text:TA0_ISR)
                  00002244    000000be     mpu.obj (.text:MPUReadMulti)
                  00002302    0000009a     mpu.obj (.text:MPUWriteMulti)
                  0000239c    00000074     rts430_eabi.lib : autoinit.obj (.text:_auto_init_hold_wdt)
                  00002410    0000005e                     : copy_decompress_rle.obj (.text:__TI_decompress_rle_core)
                  0000246e    00000046     mpu.obj (.text:setupMPU)
                  000024b4    0000002e     main.obj (.text:resetMPU)
                  000024e2    0000002e     bt.obj (.text:setupBT)
                  00002510    00000024     mpu.obj (.text:toggleI2CLines)
                  00002534    0000001e     main.obj (.text:main)
                  00002552    0000001a     rts430_eabi.lib : boot.obj (.text:_c_int00_noexit)
                  0000256c    00000018     bt.obj (.text:transmitBT)
                  00002584    00000014     mpu.obj (.text:MPUWrite)
                  00002598    00000014     rts430_eabi.lib : memset.obj (.text:memset)
                  000025ac    00000014     main.obj (.text:startTimerA0)
                  000025c0    00000012     mpu.obj (.text:MPURead)
                  000025d2    00000012     rts430_eabi.lib : copy_decompress_none.obj (.text:decompress:none:__TI_decompress_none)
                  000025e4    00000012                     : memcpy.obj (.text:memcpy)
                  000025f6    00000010                     : epilog.obj (.text)
                  00002606    0000000e     main.obj (.text:setDCOSpeed)
                  00002614    0000000c     mpu.obj (.text:startTimerA1)
                  00002620    00000006     rts430_eabi.lib : isr_trap.obj (.text:__TI_ISR_TRAP)
                  00002626    00000006                     : copy_decompress_rle.obj (.text:decompress:rle24:__TI_decompress_rle24)
                  0000262c    00000006     mpu.obj (.text:stopTimerA1)
                  00002632    00000004     rts430_eabi.lib : pre_init.obj (.text:_system_pre_init)
                  00002636    00000004                     : exit.obj (.text:abort)

.const     0    0000263a    00000003     
                  0000263a    00000003     main.obj (.const:.string:$P$T0$1)

.cinit     0    0000263e    0000000e     
                  0000263e    00000005     (.cinit..data.load) [load image]
                  00002643    00000001     --HOLE-- [fill = 0]
                  00002644    00000004     (__TI_handler_table)
                  00002648    00000004     (__TI_cinit_table)

TIMER1_A1 
*          0    0000ffe0    00000002     
                  0000ffe0    00000002     rts430_eabi.lib : int00.obj (.int00)

TIMER1_A0 
*          0    0000ffe2    00000002     
                  0000ffe2    00000002     rts430_eabi.lib : int01.obj (.int01)

PORT1      0    0000ffe4    00000002     
                  0000ffe4    00000002     rts430_eabi.lib : int02.obj (.int02)

PORT2      0    0000ffe6    00000002     
                  0000ffe6    00000002     rts430_eabi.lib : int03.obj (.int03)

TRAPINT    0    0000ffe8    00000002     
                  0000ffe8    00000002     rts430_eabi.lib : int04.obj (.int04)

ADC10      0    0000ffea    00000002     
                  0000ffea    00000002     rts430_eabi.lib : int05.obj (.int05)

USCIAB0TX 
*          0    0000ffec    00000002     
                  0000ffec    00000002     rts430_eabi.lib : int06.obj (.int06)

USCIAB0RX 
*          0    0000ffee    00000002     
                  0000ffee    00000002     rts430_eabi.lib : int07.obj (.int07)

TIMER0_A1 
*          0    0000fff0    00000002     
                  0000fff0    00000002     rts430_eabi.lib : int08.obj (.int08)

TIMER0_A0 
*          0    0000fff2    00000002     
                  0000fff2    00000002     main.obj (.int09)

WDT        0    0000fff4    00000002     
                  0000fff4    00000002     rts430_eabi.lib : int10.obj (.int10)

COMPARATORA 
*          0    0000fff6    00000002     
                  0000fff6    00000002     rts430_eabi.lib : int11.obj (.int11)

TIMERB1    0    0000fff8    00000002     
                  0000fff8    00000002     rts430_eabi.lib : int12.obj (.int12)

TIMERB0    0    0000fffa    00000002     
                  0000fffa    00000002     rts430_eabi.lib : int13.obj (.int13)

NMI        0    0000fffc    00000002     
                  0000fffc    00000002     rts430_eabi.lib : int14.obj (.int14)

.reset     0    0000fffe    00000002     
                  0000fffe    00000002     rts430_eabi.lib : boot.obj (.reset)


LINKER GENERATED COPY TABLES

__TI_cinit_table @ 00002648 records: 1, size/record: 4, table size: 4
	.data: load addr=0000263e, load size=00000005 bytes, run addr=00001100, run size=00000001 bytes, compression=copy


LINKER GENERATED HANDLER TABLE

__TI_handler_table @ 00002644 records: 2, size/record: 2, table size: 4
	index: 0, handler: __TI_decompress_rle24
	index: 1, handler: __TI_decompress_none


GLOBAL SYMBOLS: SORTED ALPHABETICALLY BY Name 

address    name
--------   ----
0000004a   ADC10AE0
0000004b   ADC10AE1
000001b0   ADC10CTL0
000001b2   ADC10CTL1
00000048   ADC10DTC0
00000049   ADC10DTC1
000001b4   ADC10MEM
000001bc   ADC10SA
00000057   BCSCTL1
00000058   BCSCTL2
00000053   BCSCTL3
00002636   C$$EXIT
00000059   CACTL1
0000005a   CACTL2
000010fb   CALBC1_12MHZ
000010f9   CALBC1_16MHZ
000010ff   CALBC1_1MHZ
000010fd   CALBC1_8MHZ
000010fa   CALDCO_12MHZ
000010f8   CALDCO_16MHZ
000010fe   CALDCO_1MHZ
000010fc   CALDCO_8MHZ
0000005b   CAPD
00000056   DCOCTL
00000128   FCTL1
0000012a   FCTL2
0000012c   FCTL3
00000000   IE1
00000001   IE2
00000002   IFG1
00000003   IFG2
000025c0   MPURead
00002244   MPUReadMulti
00002584   MPUWrite
00002302   MPUWriteMulti
00000022   P1DIR
00000025   P1IE
00000024   P1IES
00000023   P1IFG
00000020   P1IN
00000021   P1OUT
00000027   P1REN
00000026   P1SEL
00000041   P1SEL2
0000002a   P2DIR
0000002d   P2IE
0000002c   P2IES
0000002b   P2IFG
00000028   P2IN
00000029   P2OUT
0000002f   P2REN
0000002e   P2SEL
00000042   P2SEL2
0000001a   P3DIR
00000018   P3IN
00000019   P3OUT
00000010   P3REN
0000001b   P3SEL
00000043   P3SEL2
0000001e   P4DIR
0000001c   P4IN
0000001d   P4OUT
00000011   P4REN
0000001f   P4SEL
00000044   P4SEL2
00000172   TA0CCR0
00000174   TA0CCR1
00000176   TA0CCR2
00000162   TA0CCTL0
00000164   TA0CCTL1
00000166   TA0CCTL2
00000160   TA0CTL
0000012e   TA0IV
00000170   TA0R
00002100   TA0_ISR
00000152   TA1CCR0
00000154   TA1CCR1
00000156   TA1CCR2
00000142   TA1CCTL0
00000144   TA1CCTL1
00000146   TA1CCTL2
00000140   TA1CTL
0000011c   TA1IV
00000150   TA1R
00000192   TBCCR0
00000194   TBCCR1
00000196   TBCCR2
00000182   TBCCTL0
00000184   TBCCTL1
00000186   TBCCTL2
00000180   TBCTL
0000011e   TBIV
00000190   TBR
0000005d   UCA0ABCTL
00000062   UCA0BR0
00000063   UCA0BR1
00000060   UCA0CTL0
00000061   UCA0CTL1
0000005f   UCA0IRRCTL
0000005e   UCA0IRTCTL
00000064   UCA0MCTL
00000066   UCA0RXBUF
00000065   UCA0STAT
00000067   UCA0TXBUF
0000006a   UCB0BR0
0000006b   UCB0BR1
00000068   UCB0CTL0
00000069   UCB0CTL1
0000006c   UCB0I2CIE
00000118   UCB0I2COA
0000011a   UCB0I2CSA
0000006e   UCB0RXBUF
0000006d   UCB0STAT
0000006f   UCB0TXBUF
00000120   WDTCTL
00002100   __STACK_END
00000050   __STACK_SIZE
00002648   __TI_CINIT_Base
0000264c   __TI_CINIT_Limit
00002644   __TI_Handler_Table_Base
00002648   __TI_Handler_Table_Limit
UNDEFED    __TI_INITARRAY_Base
UNDEFED    __TI_INITARRAY_Limit
00002620   __TI_ISR_TRAP
00000001   __TI_args_main
000025d2   __TI_decompress_none
00002626   __TI_decompress_rle24
00000001   __TI_exit
0000ffe0   __TI_int00
0000ffe2   __TI_int01
0000ffe4   __TI_int02
0000ffe6   __TI_int03
0000ffe8   __TI_int04
0000ffea   __TI_int05
0000ffec   __TI_int06
0000ffee   __TI_int07
0000fff0   __TI_int08
0000fff2   __TI_int09
0000fff4   __TI_int10
0000fff6   __TI_int11
0000fff8   __TI_int12
0000fffa   __TI_int13
0000fffc   __TI_int14
ffffffff   __binit__
ffffffff   __c_args__
00002602   __mspabi_func_epilog_1
00002600   __mspabi_func_epilog_2
000025fe   __mspabi_func_epilog_3
000025fc   __mspabi_func_epilog_4
000025fa   __mspabi_func_epilog_5
000025f8   __mspabi_func_epilog_6
000025f6   __mspabi_func_epilog_7
0000239c   _auto_init_hold_wdt
00002552   _c_int00
00002552   _c_int00_noexit
0000fffe   _reset_vector
000020b0   _stack
00002632   _system_pre_init
00002636   abort
ffffffff   binit
00002534   main
00001100   malfunctionCounter
000025e4   memcpy
00002598   memset
000024b4   resetMPU
00002606   setDCOSpeed
000024e2   setupBT
0000246e   setupMPU
000025ac   startTimerA0
00002614   startTimerA1
0000262c   stopTimerA1
00002510   toggleI2CLines
0000256c   transmitBT


GLOBAL SYMBOLS: SORTED BY Symbol Address 

address    name
--------   ----
00000000   IE1
00000001   IE2
00000001   __TI_args_main
00000001   __TI_exit
00000002   IFG1
00000003   IFG2
00000010   P3REN
00000011   P4REN
00000018   P3IN
00000019   P3OUT
0000001a   P3DIR
0000001b   P3SEL
0000001c   P4IN
0000001d   P4OUT
0000001e   P4DIR
0000001f   P4SEL
00000020   P1IN
00000021   P1OUT
00000022   P1DIR
00000023   P1IFG
00000024   P1IES
00000025   P1IE
00000026   P1SEL
00000027   P1REN
00000028   P2IN
00000029   P2OUT
0000002a   P2DIR
0000002b   P2IFG
0000002c   P2IES
0000002d   P2IE
0000002e   P2SEL
0000002f   P2REN
00000041   P1SEL2
00000042   P2SEL2
00000043   P3SEL2
00000044   P4SEL2
00000048   ADC10DTC0
00000049   ADC10DTC1
0000004a   ADC10AE0
0000004b   ADC10AE1
00000050   __STACK_SIZE
00000053   BCSCTL3
00000056   DCOCTL
00000057   BCSCTL1
00000058   BCSCTL2
00000059   CACTL1
0000005a   CACTL2
0000005b   CAPD
0000005d   UCA0ABCTL
0000005e   UCA0IRTCTL
0000005f   UCA0IRRCTL
00000060   UCA0CTL0
00000061   UCA0CTL1
00000062   UCA0BR0
00000063   UCA0BR1
00000064   UCA0MCTL
00000065   UCA0STAT
00000066   UCA0RXBUF
00000067   UCA0TXBUF
00000068   UCB0CTL0
00000069   UCB0CTL1
0000006a   UCB0BR0
0000006b   UCB0BR1
0000006c   UCB0I2CIE
0000006d   UCB0STAT
0000006e   UCB0RXBUF
0000006f   UCB0TXBUF
00000118   UCB0I2COA
0000011a   UCB0I2CSA
0000011c   TA1IV
0000011e   TBIV
00000120   WDTCTL
00000128   FCTL1
0000012a   FCTL2
0000012c   FCTL3
0000012e   TA0IV
00000140   TA1CTL
00000142   TA1CCTL0
00000144   TA1CCTL1
00000146   TA1CCTL2
00000150   TA1R
00000152   TA1CCR0
00000154   TA1CCR1
00000156   TA1CCR2
00000160   TA0CTL
00000162   TA0CCTL0
00000164   TA0CCTL1
00000166   TA0CCTL2
00000170   TA0R
00000172   TA0CCR0
00000174   TA0CCR1
00000176   TA0CCR2
00000180   TBCTL
00000182   TBCCTL0
00000184   TBCCTL1
00000186   TBCCTL2
00000190   TBR
00000192   TBCCR0
00000194   TBCCR1
00000196   TBCCR2
000001b0   ADC10CTL0
000001b2   ADC10CTL1
000001b4   ADC10MEM
000001bc   ADC10SA
000010f8   CALDCO_16MHZ
000010f9   CALBC1_16MHZ
000010fa   CALDCO_12MHZ
000010fb   CALBC1_12MHZ
000010fc   CALDCO_8MHZ
000010fd   CALBC1_8MHZ
000010fe   CALDCO_1MHZ
000010ff   CALBC1_1MHZ
00001100   malfunctionCounter
000020b0   _stack
00002100   TA0_ISR
00002100   __STACK_END
00002244   MPUReadMulti
00002302   MPUWriteMulti
0000239c   _auto_init_hold_wdt
0000246e   setupMPU
000024b4   resetMPU
000024e2   setupBT
00002510   toggleI2CLines
00002534   main
00002552   _c_int00
00002552   _c_int00_noexit
0000256c   transmitBT
00002584   MPUWrite
00002598   memset
000025ac   startTimerA0
000025c0   MPURead
000025d2   __TI_decompress_none
000025e4   memcpy
000025f6   __mspabi_func_epilog_7
000025f8   __mspabi_func_epilog_6
000025fa   __mspabi_func_epilog_5
000025fc   __mspabi_func_epilog_4
000025fe   __mspabi_func_epilog_3
00002600   __mspabi_func_epilog_2
00002602   __mspabi_func_epilog_1
00002606   setDCOSpeed
00002614   startTimerA1
00002620   __TI_ISR_TRAP
00002626   __TI_decompress_rle24
0000262c   stopTimerA1
00002632   _system_pre_init
00002636   C$$EXIT
00002636   abort
00002644   __TI_Handler_Table_Base
00002648   __TI_CINIT_Base
00002648   __TI_Handler_Table_Limit
0000264c   __TI_CINIT_Limit
0000ffe0   __TI_int00
0000ffe2   __TI_int01
0000ffe4   __TI_int02
0000ffe6   __TI_int03
0000ffe8   __TI_int04
0000ffea   __TI_int05
0000ffec   __TI_int06
0000ffee   __TI_int07
0000fff0   __TI_int08
0000fff2   __TI_int09
0000fff4   __TI_int10
0000fff6   __TI_int11
0000fff8   __TI_int12
0000fffa   __TI_int13
0000fffc   __TI_int14
0000fffe   _reset_vector
ffffffff   __binit__
ffffffff   __c_args__
ffffffff   binit
UNDEFED    __TI_INITARRAY_Base
UNDEFED    __TI_INITARRAY_Limit

[173 symbols]
